Row version has been incorrectly set to null.  Type: ConcurrencyWithLongTests+TestEntity. Id: 1.