Conflicting values for unique index. Entity: UniqueIndexTests+TestEntity,
Index Properties:
    Property='prop'
